#-----------------------------------------------------------
# Webtalk v2019.2 (64-bit)
# SW Build 2708876 on Wed Nov  6 21:40:23 MST 2019
# IP Build 2700528 on Thu Nov  7 00:09:20 MST 2019
# Start of session at: Mon Oct 18 17:05:44 2021
# Process ID: 16060
# Current directory: C:/Users/max95/OneDrive/Documents/Personnel/Etudes/ENSEIRB/03_SEE_3A/EN321_Systeme_embarque_pour_les_telecommunications/TP/Chaine_FMD/Chaine_FMD.sim/sim_1/behav/xsim
# Command line: wbtcv.exe -mode batch -source C:/Users/max95/OneDrive/Documents/Personnel/Etudes/ENSEIRB/03_SEE_3A/EN321_Systeme_embarque_pour_les_telecommunications/TP/Chaine_FMD/Chaine_FMD.sim/sim_1/behav/xsim/xsim.dir/tb_transmitter_behav/webtalk/xsim_webtalk.tcl -notrace
# Log file: C:/Users/max95/OneDrive/Documents/Personnel/Etudes/ENSEIRB/03_SEE_3A/EN321_Systeme_embarque_pour_les_telecommunications/TP/Chaine_FMD/Chaine_FMD.sim/sim_1/behav/xsim/webtalk.log
# Journal file: C:/Users/max95/OneDrive/Documents/Personnel/Etudes/ENSEIRB/03_SEE_3A/EN321_Systeme_embarque_pour_les_telecommunications/TP/Chaine_FMD/Chaine_FMD.sim/sim_1/behav/xsim\webtalk.jou
#-----------------------------------------------------------
source C:/Users/max95/OneDrive/Documents/Personnel/Etudes/ENSEIRB/03_SEE_3A/EN321_Systeme_embarque_pour_les_telecommunications/TP/Chaine_FMD/Chaine_FMD.sim/sim_1/behav/xsim/xsim.dir/tb_transmitter_behav/webtalk/xsim_webtalk.tcl -notrace
